[erabhishekkumar.github.io/index.html]
[backblue.gif]
[fade.gif]
[index.html]
[external.html]
[erabhishekkumar.github.io/beuresult.html]
[erabhishekkumar.github.io/SBTEResult.html]
[erabhishekkumar.github.io/beuresult/index.html]
[erabhishekkumar.github.io/rankcheck.html]
[erabhishekkumar.github.io/percentagecalc.html]
[erabhishekkumar.github.io/colleges.html]
[erabhishekkumar.github.io/gecsheikhpura/branch.html]
[erabhishekkumar.github.io/wifibookmark.html]
[erabhishekkumar.github.io/ncertquiz.html]
[erabhishekkumar.github.io/mathpractice.html]
[erabhishekkumar.github.io/pension.html]
[erabhishekkumar.github.io/index.html]
[www.googletagmanager.com/gtm5445.html]
[cdn.jsdelivr.net/npm/chart.js]
[erabhishekkumar.github.io/beuresult.html]
[erabhishekkumar.github.io/index-2.html]
[erabhishekkumar.github.io/beuresult/main.js]
[erabhishekkumar.github.io/beuresult/index.html]
[erabhishekkumar.github.io/SBTEResult.html]
[cdn.ampproject.org/v0/amp-auto-ads-0.1.js]
[cdnjs.cloudflare.com/ajax/libs/font-awesome/5.15.4/css/all.min.css]
[erabhishekkumar.github.io/rankcheck.html]
[erabhishekkumar.github.io/percentagecalc.html]
[erabhishekkumar.github.io/colleges.html]
[cdnjs.cloudflare.com/ajax/libs/xlsx/0.17.2/xlsx.full.min.js]
[erabhishekkumar.github.io/gecsheikhpura/civilengineering.html]
[erabhishekkumar.github.io/gecsheikhpura/computerengineering.html]
[erabhishekkumar.github.io/gecsheikhpura/electricalengineering.html]
[erabhishekkumar.github.io/gecsheikhpura/electronicsengineering.html]
[erabhishekkumar.github.io/gecsheikhpura/mechanicalengineering.html]
[erabhishekkumar.github.io/gecsheikhpura/branch.html]
[erabhishekkumar.github.io/wifibookmark.html]
[erabhishekkumar.github.io/ncertquiz.html]
[erabhishekkumar.github.io/mathpractice.html]
[erabhishekkumar.github.io/pension.html]
[erabhishekkumar.github.io/index-2.html]
[cdnjs.cloudflare.com/ajax/libs/font-awesome/5.15.4/css/all.min.css]
[erabhishekkumar.github.io/gecsheikhpura/civilengineering.html]
[erabhishekkumar.github.io/gecsheikhpura/computerengineering.html]
[erabhishekkumar.github.io/gecsheikhpura/electricalengineering.html]
[erabhishekkumar.github.io/gecsheikhpura/electronicsengineering.html]
[erabhishekkumar.github.io/gecsheikhpura/mechanicalengineering.html]
[pagead2.googlesyndication.com/pagead/js/adsbygoogle4f4b.js]
[erabhishekkumar.github.io/gecsheikhpura/N/A]
[erabhishekkumar.github.io/gecsheikhpura/N/A]
